Running ExUnit with seed: 974409, max_cases: 20

.

  1) test Submission Flow user can create valid submission (SlopcaseWeb.ShowcaseLiveTest)
     test/slopcase_web/live/showcase_live_test.exs:53
     Assertion with =~ failed
     code:  assert render(live) =~ "https://opengraph.githubassets.com/1/me/myapp"
     left:  "<div id=\"phx-GJABEULugsm5zRAE\" data-phx-main=\"\" data-phx-session=\"SFMyNTY.g2gDaAJhBnQAAAAIdwJpZG0AAAAUcGh4LUdKQUJFVUx1Z3NtNXpSQUV3B3Nlc3Npb250AAAAAHcKcGFyZW50X3BpZHcDbmlsdwR2aWV3dx9FbGl4aXIuU2xvcGNhc2VXZWIuU2hvd2Nhc2VMaXZldwhyb290X3BpZHcDbmlsdwZyb3V0ZXJ3GUVsaXhpci5TbG9wY2FzZVdlYi5Sb3V0ZXJ3CXJvb3Rfdmlld3cfRWxpeGlyLlNsb3BjYXNlV2ViLlNob3djYXNlTGl2ZXcRbGl2ZV9zZXNzaW9uX25hbWV3BnB1YmxpY24GAAVENBecAWIAAVGA.1UyXrvkRgb8_Y18NGdQISNiNlKMytoj94037-6Kp-P8\" data-phx-static=\"SFMyNTY.g2gDaAJhBnQAAAADdwJpZG0AAAAUcGh4LUdKQUJFVUx1Z3NtNXpSQUV3BWZsYXNodAAAAAB3CmFzc2lnbl9uZXdsAAAAAXcNY3VycmVudF9zY29wZWpuBgAFRDQXnAFiAAFRgA.RVOT19U5YIahnwqhObGJxJWbStYj4h5tdesRs8JME1M\"><header class=\"app-header\"><div class=\"app-header__inner\"><a href=\"/\" class=\"brand\"><span class=\"brand-mark\">VC</span><span class=\"brand-copy\"><span class=\"brand-title\">Vibecheck</span><span class=\"brand-subtitle\">Is it valid or is it slop?</span></span></a><nav class=\"app-nav\"><a href=\"/users/log-in\" data-phx-link=\"redirect\" data-phx-link-state=\"push\" class=\"nav-link\">\n          Log in\n        </a><button type=\"button\" class=\"btn btn--primary\" phx-click=\"open-submit-modal\">\n        Submit\n      </button></nav></div></header><main class=\"app-main\"><div class=\"app-container\"><section class=\"showcase-section\"><div class=\"section-header\"><h2 class=\"section-title\">Fresh drops</h2><p class=\"section-subtitle\">New drops appear here the moment they&#39;re submitted.</p></div><div id=\"submissions-list\" class=\"submissions-grid\" phx-update=\"stream\"><div id=\"submissions-1\" class=\"submission-card\" data-phx-stream=\"0\"><div class=\"submission-card__thumbnail\"><div class=\"submission-card__placeholder\"><span class=\"hero-photo w-8 h-8\"></span></div></div><div class=\"submission-card__header\"><span class=\"submission-title\">My New App</span></div><div class=\"submission-card__links\"><a class=\"submission-link\" href=\"https://myapp.com\" target=\"_blank\" rel=\"noreferrer noopener\"><span class=\"hero-globe-alt icon--xs\"></span><span>App</span><span class=\"hero-arrow-top-right-on-square icon--xs submission-link__external\"></span></a><a class=\"submission-link\" href=\"https://github.com/me/myapp\" target=\"_blank\" rel=\"noreferrer noopener\"><span class=\"hero-code-bracket icon--xs\"></span><span>Repo</span><span class=\"hero-arrow-top-right-on-square icon--xs submission-link__external\"></span></a></div><div class=\"submission-meta\"><span class=\"submission-detail\">\n      Model: Claude 3.5\n    </span><span class=\"submission-detail\">\n      Tools: Phoenix\n    </span></div><div class=\"submission-votes\"><button type=\"button\" class=\"vote-btn vote-btn--slop\" phx-click=\"vote\" phx-value-id=\"1\" phx-value-verdict=\"true\">\n      Slop <span class=\"vote-count\">0</span></button><button type=\"button\" class=\"vote-btn vote-btn--clean\" phx-click=\"vote\" phx-value-id=\"1\" phx-value-verdict=\"false\">\n      Valid <span class=\"vote-count\">0</span></button></div></div><div id=\"submissions-empty\" class=\"submissions-empty hidden only:block\">\n      Nothing here yet. Be the first to ship.\n    </div></div></section></div></main><footer class=\"app-footer\"><div class=\"app-footer__inner\"><p class=\"footer-text\">\n      Built with Phoenix LiveView. No apologies, just vibes.\n    </p></div></footer><div id=\"flash-group\" aria-live=\"polite\" class=\"flash-stack\"><div id=\"flash-info\" phx-hook=\"AutoDismiss\" data-kind=\"info\" phx-click=\"[[&quot;push&quot;,{&quot;value&quot;:{&quot;key&quot;:&quot;info&quot;},&quot;event&quot;:&quot;lv:clear-flash&quot;}],[&quot;hide&quot;,{&quot;time&quot;:200,&quot;to&quot;:&quot;#flash-info&quot;,&quot;transition&quot;:[[&quot;transition-base&quot;],[&quot;opacity-100&quot;,&quot;translate-y-0&quot;],[&quot;opacity-0&quot;,&quot;translate-y-4&quot;]]}]]\" role=\"alert\" class=\"flash-slot\"><div class=\"flash-card flash-card--info\"><span class=\"hero-information-circle icon icon--lg\"></span><div class=\"flash-body\"><p class=\"flash-message\">Submitted! The vibes are immaculate.</p></div><button type=\"button\" class=\"flash-close\" aria-label=\"close\"><span class=\"hero-x-mark icon icon--sm\"></span></button></div></div><div id=\"client-error\" data-kind" <> ...
     right: "https://opengraph.githubassets.com/1/me/myapp"
     stacktrace:
       test/slopcase_web/live/showcase_live_test.exs:75: (test)



  2) test Showcase Page renders existing submissions (SlopcaseWeb.ShowcaseLiveTest)
     test/slopcase_web/live/showcase_live_test.exs:14
     Assertion with =~ failed
     code:  assert html =~ "https://opengraph.githubassets.com/1/a/b"
     left:  "<html lang=\"en\"><head><meta charset=\"utf-8\"/><meta name=\"viewport\" content=\"width=device-width, initial-scale=1\"/><meta name=\"csrf-token\" content=\"InITNFNmAhQPFwU9IgxEF2ApNxk_EDENm0aAd-clubROsh2m3HvmSavw\"/><title data-default=\"Slopcase\">\n      Vibecheck\n    </title><link phx-track-static=\"\" rel=\"stylesheet\" href=\"/assets/css/app.css\"/><script defer=\"\" phx-track-static=\"\" type=\"text/javascript\" src=\"/assets/js/app.js\"></script></head><body><div id=\"phx-GJABEVbSKQfHVACl\" data-phx-main=\"\" data-phx-session=\"SFMyNTY.g2gDaAJhBnQAAAAIdwJpZG0AAAAUcGh4LUdKQUJFVmJTS1FmSFZBQ2x3B3Nlc3Npb250AAAAAHcKcGFyZW50X3BpZHcDbmlsdwR2aWV3dx9FbGl4aXIuU2xvcGNhc2VXZWIuU2hvd2Nhc2VMaXZldwhyb290X3BpZHcDbmlsdwZyb3V0ZXJ3GUVsaXhpci5TbG9wY2FzZVdlYi5Sb3V0ZXJ3CXJvb3Rfdmlld3cfRWxpeGlyLlNsb3BjYXNlV2ViLlNob3djYXNlTGl2ZXcRbGl2ZV9zZXNzaW9uX25hbWV3BnB1YmxpY24GAFhFNBecAWIAAVGA.hRZu4VBbnyKj3qcRY2Vo8vBikQV-gBoEam17TrjCeIc\" data-phx-static=\"SFMyNTY.g2gDaAJhBnQAAAADdwJpZG0AAAAUcGh4LUdKQUJFVmJTS1FmSFZBQ2x3BWZsYXNodAAAAAB3CmFzc2lnbl9uZXdsAAAAAXcNY3VycmVudF9zY29wZWpuBgBYRTQXnAFiAAFRgA.vmRxQy2kZJNmc6UQ6Bv1pdwzesDQwcZU-oa_MQLa05M\"><header class=\"app-header\"><div class=\"app-header__inner\"><a href=\"/\" class=\"brand\"><span class=\"brand-mark\">VC</span><span class=\"brand-copy\"><span class=\"brand-title\">Vibecheck</span><span class=\"brand-subtitle\">Is it valid or is it slop?</span></span></a><nav class=\"app-nav\"><a href=\"/users/log-in\" data-phx-link=\"redirect\" data-phx-link-state=\"push\" class=\"nav-link\">\n          Log in\n        </a><button type=\"button\" class=\"btn btn--primary\" phx-click=\"open-submit-modal\">\n        Submit\n      </button></nav></div></header><main class=\"app-main\"><div class=\"app-container\"><section class=\"showcase-section\"><div class=\"section-header\"><h2 class=\"section-title\">Fresh drops</h2><p class=\"section-subtitle\">New drops appear here the moment they&#39;re submitted.</p></div><div id=\"submissions-list\" class=\"submissions-grid\" phx-update=\"stream\"><div id=\"submissions-empty\" class=\"submissions-empty hidden only:block\">\n      Nothing here yet. Be the first to ship.\n    </div><div id=\"submissions-1\" class=\"submission-card\" data-phx-stream=\"0\"><div class=\"submission-card__thumbnail\"><div class=\"submission-card__placeholder\"><span class=\"hero-photo w-8 h-8\"></span></div></div><div class=\"submission-card__header\"><span class=\"submission-title\">Existing</span></div><div class=\"submission-card__links\"><a class=\"submission-link\" href=\"https://example.com\" target=\"_blank\" rel=\"noreferrer noopener\"><span class=\"hero-globe-alt icon--xs\"></span><span>App</span><span class=\"hero-arrow-top-right-on-square icon--xs submission-link__external\"></span></a><a class=\"submission-link\" href=\"https://github.com/a/b\" target=\"_blank\" rel=\"noreferrer noopener\"><span class=\"hero-code-bracket icon--xs\"></span><span>Repo</span><span class=\"hero-arrow-top-right-on-square icon--xs submission-link__external\"></span></a></div><div class=\"submission-meta\"></div><div class=\"submission-votes\"><button type=\"button\" class=\"vote-btn vote-btn--slop\" phx-click=\"vote\" phx-value-id=\"1\" phx-value-verdict=\"true\">\n      Slop <span class=\"vote-count\">0</span></button><button type=\"button\" class=\"vote-btn vote-btn--clean\" phx-click=\"vote\" phx-value-id=\"1\" phx-value-verdict=\"false\">\n      Valid <span class=\"vote-count\">0</span></button></div></div></div></section></div></main><footer class=\"app-footer\"><div class=\"app-footer__inner\"><p class=\"footer-text\">\n      Built with Phoenix LiveView. No apologies, just vibes.\n    </p></div></footer><div id=\"flash-group\" aria-live=\"polite\" class=\"flash-stack\"><div id=\"client-error\" data-kind=\"error\" phx-click=\"[[&quot;push&quot;,{&quot;value&quot;:{&quot;key&quot;:&quot;error&quot;},&quot;event&quot;:&quot;lv:clear-flash&quot;}],[&quot;hide&quot;,{&quot;time&quot;:200,&quot;to&quot;:&quot;#client-error&quot;,&quot;transition&quot;:[[&quot;transition-base&quot;],[&quot;opacity-100&quot;,&quot;translate-y-0&quot;],[&quot;opacity-0&quot;,&quot;translate-y-4&quot;]]}]]\" role=\"alert\" class=\"flash-slot\" hidden=\"\" phx-connected=\"[[&quot;hide&quot;,{&quot;time&quot;:200,&q" <> ...
     right: "https://opengraph.githubassets.com/1/a/b"
     stacktrace:
       test/slopcase_web/live/showcase_live_test.exs:27: (test)



  3) test Showcase Page displays new submission in real-time (SlopcaseWeb.ShowcaseLiveTest)
     test/slopcase_web/live/showcase_live_test.exs:30
     Assertion with =~ failed
     code:  assert render(live) =~ "https://opengraph.githubassets.com/1/rt/magic"
     left:  "<div id=\"phx-GJABEVdQCvCAfhBk\" data-phx-main=\"\" data-phx-session=\"SFMyNTY.g2gDaAJhBnQAAAAIdwJpZG0AAAAUcGh4LUdKQUJFVmRRQ3ZDQWZoQmt3B3Nlc3Npb250AAAAAHcKcGFyZW50X3BpZHcDbmlsdwR2aWV3dx9FbGl4aXIuU2xvcGNhc2VXZWIuU2hvd2Nhc2VMaXZldwhyb290X3BpZHcDbmlsdwZyb3V0ZXJ3GUVsaXhpci5TbG9wY2FzZVdlYi5Sb3V0ZXJ3CXJvb3Rfdmlld3cfRWxpeGlyLlNsb3BjYXNlV2ViLlNob3djYXNlTGl2ZXcRbGl2ZV9zZXNzaW9uX25hbWV3BnB1YmxpY24GAFtFNBecAWIAAVGA.sptW3jJQ10cpoVPg9SpuJfLEV3g6ZLTDVq9ghSJUl2E\" data-phx-static=\"SFMyNTY.g2gDaAJhBnQAAAADdwJpZG0AAAAUcGh4LUdKQUJFVmRRQ3ZDQWZoQmt3BWZsYXNodAAAAAB3CmFzc2lnbl9uZXdsAAAAAXcNY3VycmVudF9zY29wZWpuBgBbRTQXnAFiAAFRgA.95I51F6yFX5sJ__ei4kK9zHhsQsPoODxBuVkjDhGeus\"><header class=\"app-header\"><div class=\"app-header__inner\"><a href=\"/\" class=\"brand\"><span class=\"brand-mark\">VC</span><span class=\"brand-copy\"><span class=\"brand-title\">Vibecheck</span><span class=\"brand-subtitle\">Is it valid or is it slop?</span></span></a><nav class=\"app-nav\"><a href=\"/users/log-in\" data-phx-link=\"redirect\" data-phx-link-state=\"push\" class=\"nav-link\">\n          Log in\n        </a><button type=\"button\" class=\"btn btn--primary\" phx-click=\"open-submit-modal\">\n        Submit\n      </button></nav></div></header><main class=\"app-main\"><div class=\"app-container\"><section class=\"showcase-section\"><div class=\"section-header\"><h2 class=\"section-title\">Fresh drops</h2><p class=\"section-subtitle\">New drops appear here the moment they&#39;re submitted.</p></div><div id=\"submissions-list\" class=\"submissions-grid\" phx-update=\"stream\"><div id=\"submissions-1\" class=\"submission-card\" data-phx-stream=\"0\"><div class=\"submission-card__thumbnail\"><img src=\"https://opengraph.githubassets.com/1/a/b\" alt=\"Screenshot of Existing\" loading=\"lazy\"/></div><div class=\"submission-card__header\"><span class=\"submission-title\">Existing</span></div><div class=\"submission-card__links\"><a class=\"submission-link\" href=\"https://example.com\" target=\"_blank\" rel=\"noreferrer noopener\"><span class=\"hero-globe-alt icon--xs\"></span><span>App</span><span class=\"hero-arrow-top-right-on-square icon--xs submission-link__external\"></span></a><a class=\"submission-link\" href=\"https://github.com/a/b\" target=\"_blank\" rel=\"noreferrer noopener\"><span class=\"hero-code-bracket icon--xs\"></span><span>Repo</span><span class=\"hero-arrow-top-right-on-square icon--xs submission-link__external\"></span></a></div><div class=\"submission-meta\"></div><div class=\"submission-votes\"><button type=\"button\" class=\"vote-btn vote-btn--slop\" phx-click=\"vote\" phx-value-id=\"1\" phx-value-verdict=\"true\">\n      Slop <span class=\"vote-count\">0</span></button><button type=\"button\" class=\"vote-btn vote-btn--clean\" phx-click=\"vote\" phx-value-id=\"1\" phx-value-verdict=\"false\">\n      Valid <span class=\"vote-count\">0</span></button></div></div><div id=\"submissions-empty\" class=\"submissions-empty hidden only:block\">\n      Nothing here yet. Be the first to ship.\n    </div></div></section></div></main><footer class=\"app-footer\"><div class=\"app-footer__inner\"><p class=\"footer-text\">\n      Built with Phoenix LiveView. No apologies, just vibes.\n    </p></div></footer><div id=\"flash-group\" aria-live=\"polite\" class=\"flash-stack\"><div id=\"client-error\" data-kind=\"error\" phx-click=\"[[&quot;push&quot;,{&quot;value&quot;:{&quot;key&quot;:&quot;error&quot;},&quot;event&quot;:&quot;lv:clear-flash&quot;}],[&quot;hide&quot;,{&quot;time&quot;:200,&quot;to&quot;:&quot;#client-error&quot;,&quot;transition&quot;:[[&quot;transition-base&quot;],[&quot;opacity-100&quot;,&quot;translate-y-0&quot;],[&quot;opacity-0&quot;,&quot;translate-y-4&quot;]]}]]\" role=\"alert\" class=\"flash-slot\" hidden=\"\" phx-connected=\"[[&quot;hide&quot;,{&quot;time&quot;:200,&quot;to&quot;:&quot;#client-error&quot;,&quot;transition&quot;:[[&quot;transition-base&quot;],[&quot;opacity-100&quot;,&quot;translate-y-0&quot;],[&quot;opacity-0&quot;,&quot;translate-y-4&quot;]]}],[&quot;set_attr&quot;,{&quot;attr&quot;:[&quot;hidden&quot;,&quot;&quot;]}]]\" phx-disconnected=\"[[&quot;show&quot;,{&quot;time&quot;:300,&quot;to&quot;:&quot;.phx-client-error #client-error&quot;,&quot;transition&quot;:[[&quot;transitio" <> ...
     right: "https://opengraph.githubassets.com/1/rt/magic"
     stacktrace:
       test/slopcase_web/live/showcase_live_test.exs:48: (test)


Finished in 0.7 seconds (0.00s async, 0.7s sync)
4 tests, 3 failures
